mysql> SOURCE C:\Users\15856\Documents\Database\PE\PE03\part03.sql
--------------
CREATE DATABASE PE3
--------------

Query OK, 1 row affected (0.00 sec)

Database changed
--------------
CREATE TABLE Automobile(
VIN SMALLINT(5) UNSIGNED ZEROFILL AUTO_INCREMENT PRIMARY KEY,
Make VARCHAR(15),
Model VARCHAR(15),
Year VARCHAR(4),
Color VARCHAR(15),
MSRP DOUBLE,
Style VARCHAR(15))
--------------

Query OK, 0 rows affected, 2 warnings (0.01 sec)

mysql> -- ADEL KHORRAMROUZ
mysql> -- ISTE 608
mysql> -- PE03
mysql> -- DUE MON FEB 6TH
mysql> SOURCE C:\Users\15856\Documents\Database\PE\PE03\PART3INSERT.sql
--------------
INSERT INTO Automobile(Make ,Model ,Year ,Color ,MSRP ,Style) VALUES("Chevy","Volt","2017","White",39290.99,"Hybrid")
--------------

Query OK, 1 row affected (0.01 sec)

mysql> SHOW Automobile;
--------------
SHOW Automobile
--------------

ERROR 1064 (42000): You have an error in your SQL syntax; check the manual that corresponds to your MySQL server version for the right syntax to use near 'Automobile' at line 1
mysql> SHOW TAutomobile;
--------------
SHOW TAutomobile
--------------

ERROR 1064 (42000): You have an error in your SQL syntax; check the manual that corresponds to your MySQL server version for the right syntax to use near 'TAutomobile' at line 1
mysql> SHOW TABLE Automobile;
--------------
SHOW TABLE Automobile
--------------

ERROR 1064 (42000): You have an error in your SQL syntax; check the manual that corresponds to your MySQL server version for the right syntax to use near 'Automobile' at line 1
mysql> SHOW CREATE TABLE Automobile;
--------------
SHOW CREATE TABLE Automobile
--------------

+------------+---------------------------------------------------------------------------------------------------------------------------------------------------------------------------------------------------------------------------------------------------------------------------------------------------------------------------------------------------------------------------------------------------------------------+
| Table      | Create Table                                                                                                                                                                                                                                                                                                                                                                                                        |
+------------+---------------------------------------------------------------------------------------------------------------------------------------------------------------------------------------------------------------------------------------------------------------------------------------------------------------------------------------------------------------------------------------------------------------------+
| Automobile | CREATE TABLE `automobile` (
  `VIN` smallint(5) unsigned zerofill NOT NULL AUTO_INCREMENT,
  `Make` varchar(15) DEFAULT NULL,
  `Model` varchar(15) DEFAULT NULL,
  `Year` varchar(4) DEFAULT NULL,
  `Color` varchar(15) DEFAULT NULL,
  `MSRP` double DEFAULT NULL,
  `Style` varchar(15) DEFAULT NULL,
  PRIMARY KEY (`VIN`)
) ENGINE=InnoDB AUTO_INCREMENT=2 DEFAULT CHARSET=utf8mb4 COLLATE=utf8mb4_0900_ai_ci |
+------------+---------------------------------------------------------------------------------------------------------------------------------------------------------------------------------------------------------------------------------------------------------------------------------------------------------------------------------------------------------------------------------------------------------------------+
1 row in set (0.00 sec)

mysql> SHOW TABLE Automobile;
--------------
SHOW TABLE Automobile
--------------

ERROR 1064 (42000): You have an error in your SQL syntax; check the manual that corresponds to your MySQL server version for the right syntax to use near 'Automobile' at line 1
mysql> DESC TABLE Automobile;
--------------
DESC TABLE Automobile
--------------

+----+-------------+------------+------------+------+---------------+------+---------+------+------+----------+-------+
| id | select_type | table      | partitions | type | possible_keys | key  | key_len | ref  | rows | filtered | Extra |
+----+-------------+------------+------------+------+---------------+------+---------+------+------+----------+-------+
|  1 | SIMPLE      | Automobile | NULL       | ALL  | NULL          | NULL | NULL    | NULL |    1 |   100.00 | NULL  |
+----+-------------+------------+------------+------+---------------+------+---------+------+------+----------+-------+
1 row in set, 1 warning (0.00 sec)

mysql> SHOW Automobile;
--------------
SHOW Automobile
--------------

ERROR 1064 (42000): You have an error in your SQL syntax; check the manual that corresponds to your MySQL server version for the right syntax to use near 'Automobile' at line 1
mysql> DESCRIBE Automobile;
--------------
DESCRIBE Automobile
--------------

+-------+-------------------------------+------+-----+---------+----------------+
| Field | Type                          | Null | Key | Default | Extra          |
+-------+-------------------------------+------+-----+---------+----------------+
| VIN   | smallint(5) unsigned zerofill | NO   | PRI | NULL    | auto_increment |
| Make  | varchar(15)                   | YES  |     | NULL    |                |
| Model | varchar(15)                   | YES  |     | NULL    |                |
| Year  | varchar(4)                    | YES  |     | NULL    |                |
| Color | varchar(15)                   | YES  |     | NULL    |                |
| MSRP  | double                        | YES  |     | NULL    |                |
| Style | varchar(15)                   | YES  |     | NULL    |                |
+-------+-------------------------------+------+-----+---------+----------------+
7 rows in set (0.01 sec)

mysql> SELECT * FROM Automobile;
--------------
SELECT * FROM Automobile
--------------

+-------+-------+-------+------+-------+----------+--------+
| VIN   | Make  | Model | Year | Color | MSRP     | Style  |
+-------+-------+-------+------+-------+----------+--------+
| 00001 | Chevy | Volt  | 2017 | White | 39290.99 | Hybrid |
+-------+-------+-------+------+-------+----------+--------+
1 row in set (0.00 sec)

mysql> DROP PE3;
--------------
DROP PE3
--------------

ERROR 1064 (42000): You have an error in your SQL syntax; check the manual that corresponds to your MySQL server version for the right syntax to use near 'PE3' at line 1
mysql> DROP DATABASE PE3;
--------------
DROP DATABASE PE3
--------------

Query OK, 1 row affected (0.01 sec)

mysql> no tee;
--------------
no tee
--------------

ERROR 1064 (42000): You have an error in your SQL syntax; check the manual that corresponds to your MySQL server version for the right syntax to use near 'no tee' at line 1
mysql> notee;
